Archive member included because of file (symbol)

/usr/lib/gcc/avr/4.8.2/avr4/libgcc.a(_exit.o)
                              /usr/lib/gcc/avr/4.8.2/../../../avr/lib/avr4/crtm88pa.o (exit)
/usr/lib/gcc/avr/4.8.2/avr4/libgcc.a(_clear_bss.o)
                              ./src/adc.o (__do_clear_bss)

Allocating common symbols
Common symbol       size              file

enabled             0x1               ./src/pwm.o

Discarded input sections

 .bss           0x0000000000000000        0x0 /usr/lib/gcc/avr/4.8.2/../../../avr/lib/avr4/crtm88pa.o
 .text          0x0000000000000000        0x0 ./src/adc.o
 .bss           0x0000000000000000        0x0 ./src/adc.o
 .text          0x0000000000000000        0x0 ./src/interrupt.o
 .bss           0x0000000000000000        0x0 ./src/interrupt.o
 .text          0x0000000000000000        0x0 ./src/main.o
 .bss           0x0000000000000000        0x0 ./src/main.o
 .text          0x0000000000000000        0x0 ./src/pwm.o
 .bss           0x0000000000000000        0x0 ./src/pwm.o
 .text.pwm_set_timing_g
                0x0000000000000000       0x10 ./src/pwm.o
 .text.pwm_set_timing_b
                0x0000000000000000       0x10 ./src/pwm.o
 .text.pwm_set_timing_8
                0x0000000000000000        0x4 ./src/pwm.o
 .text          0x0000000000000000        0x0 /usr/lib/gcc/avr/4.8.2/avr4/libgcc.a(_exit.o)
 .bss           0x0000000000000000        0x0 /usr/lib/gcc/avr/4.8.2/avr4/libgcc.a(_exit.o)
 .text.libgcc.mul
                0x0000000000000000        0x0 /usr/lib/gcc/avr/4.8.2/avr4/libgcc.a(_exit.o)
 .text.libgcc.div
                0x0000000000000000        0x0 /usr/lib/gcc/avr/4.8.2/avr4/libgcc.a(_exit.o)
 .text.libgcc   0x0000000000000000        0x0 /usr/lib/gcc/avr/4.8.2/avr4/libgcc.a(_exit.o)
 .text.libgcc.prologue
                0x0000000000000000        0x0 /usr/lib/gcc/avr/4.8.2/avr4/libgcc.a(_exit.o)
 .text.libgcc.builtins
                0x0000000000000000        0x0 /usr/lib/gcc/avr/4.8.2/avr4/libgcc.a(_exit.o)
 .text.libgcc.fmul
                0x0000000000000000        0x0 /usr/lib/gcc/avr/4.8.2/avr4/libgcc.a(_exit.o)
 .text.libgcc.fixed
                0x0000000000000000        0x0 /usr/lib/gcc/avr/4.8.2/avr4/libgcc.a(_exit.o)
 .text          0x0000000000000000        0x0 /usr/lib/gcc/avr/4.8.2/avr4/libgcc.a(_clear_bss.o)
 .bss           0x0000000000000000        0x0 /usr/lib/gcc/avr/4.8.2/avr4/libgcc.a(_clear_bss.o)
 .text.libgcc.mul
                0x0000000000000000        0x0 /usr/lib/gcc/avr/4.8.2/avr4/libgcc.a(_clear_bss.o)
 .text.libgcc.div
                0x0000000000000000        0x0 /usr/lib/gcc/avr/4.8.2/avr4/libgcc.a(_clear_bss.o)
 .text.libgcc   0x0000000000000000        0x0 /usr/lib/gcc/avr/4.8.2/avr4/libgcc.a(_clear_bss.o)
 .text.libgcc.prologue
                0x0000000000000000        0x0 /usr/lib/gcc/avr/4.8.2/avr4/libgcc.a(_clear_bss.o)
 .text.libgcc.builtins
                0x0000000000000000        0x0 /usr/lib/gcc/avr/4.8.2/avr4/libgcc.a(_clear_bss.o)
 .text.libgcc.fmul
                0x0000000000000000        0x0 /usr/lib/gcc/avr/4.8.2/avr4/libgcc.a(_clear_bss.o)
 .text.libgcc.fixed
                0x0000000000000000        0x0 /usr/lib/gcc/avr/4.8.2/avr4/libgcc.a(_clear_bss.o)

Memory Configuration

Name             Origin             Length             Attributes
text             0x0000000000000000 0x0000000000002000 xr
data             0x0000000000800060 0x000000000000ffa0 rw !x
eeprom           0x0000000000810000 0x0000000000010000 rw !x
fuse             0x0000000000820000 0x0000000000000400 rw !x
lock             0x0000000000830000 0x0000000000000400 rw !x
signature        0x0000000000840000 0x0000000000000400 rw !x
user_signatures  0x0000000000850000 0x0000000000000400 rw !x
*default*        0x0000000000000000 0xffffffffffffffff

Linker script and memory map

Address of section .data set to 0x800100
LOAD /usr/lib/gcc/avr/4.8.2/../../../avr/lib/avr4/crtm88pa.o
LOAD ./src/adc.o
LOAD ./src/interrupt.o
LOAD ./src/main.o
LOAD ./src/pwm.o
LOAD /usr/lib/gcc/avr/4.8.2/avr4/libgcc.a
LOAD /usr/lib/gcc/avr/4.8.2/../../../avr/lib/avr4/libm.a
START GROUP
LOAD /usr/lib/gcc/avr/4.8.2/avr4/libgcc.a
LOAD /usr/lib/gcc/avr/4.8.2/../../../avr/lib/avr4/libm.a
LOAD /usr/lib/gcc/avr/4.8.2/../../../avr/lib/avr4/libc.a
END GROUP

.hash
 *(.hash)

.dynsym
 *(.dynsym)

.dynstr
 *(.dynstr)

.gnu.version
 *(.gnu.version)

.gnu.version_d
 *(.gnu.version_d)

.gnu.version_r
 *(.gnu.version_r)

.rel.init
 *(.rel.init)

.rela.init
 *(.rela.init)

.rel.text
 *(.rel.text)
 *(.rel.text.*)
 *(.rel.gnu.linkonce.t*)

.rela.text
 *(.rela.text)
 *(.rela.text.*)
 *(.rela.gnu.linkonce.t*)

.rel.fini
 *(.rel.fini)

.rela.fini
 *(.rela.fini)

.rel.rodata
 *(.rel.rodata)
 *(.rel.rodata.*)
 *(.rel.gnu.linkonce.r*)

.rela.rodata
 *(.rela.rodata)
 *(.rela.rodata.*)
 *(.rela.gnu.linkonce.r*)

.rel.data
 *(.rel.data)
 *(.rel.data.*)
 *(.rel.gnu.linkonce.d*)

.rela.data
 *(.rela.data)
 *(.rela.data.*)
 *(.rela.gnu.linkonce.d*)

.rel.ctors
 *(.rel.ctors)

.rela.ctors
 *(.rela.ctors)

.rel.dtors
 *(.rel.dtors)

.rela.dtors
 *(.rela.dtors)

.rel.got
 *(.rel.got)

.rela.got
 *(.rela.got)

.rel.bss
 *(.rel.bss)

.rela.bss
 *(.rela.bss)

.rel.plt
 *(.rel.plt)

.rela.plt
 *(.rela.plt)

.text           0x0000000000000000      0x150
 *(.vectors)
 .vectors       0x0000000000000000       0x34 /usr/lib/gcc/avr/4.8.2/../../../avr/lib/avr4/crtm88pa.o
                0x0000000000000000                __vectors
                0x0000000000000000                __vector_default
 *(.vectors)
 *(.progmem.gcc*)
 *(.progmem*)
                0x0000000000000034                . = ALIGN (0x2)
                0x0000000000000034                __trampolines_start = .
 *(.trampolines)
 .trampolines   0x0000000000000034        0x0 linker stubs
 *(.trampolines*)
                0x0000000000000034                __trampolines_end = .
 *(.jumptables)
 *(.jumptables*)
 *(.lowtext)
 *(.lowtext*)
                0x0000000000000034                __ctors_start = .
 *(.ctors)
                0x0000000000000034                __ctors_end = .
                0x0000000000000034                __dtors_start = .
 *(.dtors)
                0x0000000000000034                __dtors_end = .
 SORT(*)(.ctors)
 SORT(*)(.dtors)
 *(.init0)
 .init0         0x0000000000000034        0x0 /usr/lib/gcc/avr/4.8.2/../../../avr/lib/avr4/crtm88pa.o
                0x0000000000000034                __init
 *(.init0)
 *(.init1)
 *(.init1)
 *(.init2)
 .init2         0x0000000000000034        0xc /usr/lib/gcc/avr/4.8.2/../../../avr/lib/avr4/crtm88pa.o
 *(.init2)
 *(.init3)
 *(.init3)
 *(.init4)
 .init4         0x0000000000000040       0x10 /usr/lib/gcc/avr/4.8.2/avr4/libgcc.a(_clear_bss.o)
                0x0000000000000040                __do_clear_bss
 *(.init4)
 *(.init5)
 *(.init5)
 *(.init6)
 *(.init6)
 *(.init7)
 *(.init7)
 *(.init8)
 *(.init8)
 *(.init9)
 .init9         0x0000000000000050        0x4 /usr/lib/gcc/avr/4.8.2/../../../avr/lib/avr4/crtm88pa.o
 *(.init9)
 *(.text)
 .text          0x0000000000000054        0x2 /usr/lib/gcc/avr/4.8.2/../../../avr/lib/avr4/crtm88pa.o
                0x0000000000000054                __vector_22
                0x0000000000000054                __vector_1
                0x0000000000000054                __vector_24
                0x0000000000000054                __vector_12
                0x0000000000000054                __bad_interrupt
                0x0000000000000054                __vector_6
                0x0000000000000054                __vector_3
                0x0000000000000054                __vector_23
                0x0000000000000054                __vector_25
                0x0000000000000054                __vector_11
                0x0000000000000054                __vector_13
                0x0000000000000054                __vector_17
                0x0000000000000054                __vector_19
                0x0000000000000054                __vector_7
                0x0000000000000054                __vector_5
                0x0000000000000054                __vector_4
                0x0000000000000054                __vector_9
                0x0000000000000054                __vector_2
                0x0000000000000054                __vector_21
                0x0000000000000054                __vector_15
                0x0000000000000054                __vector_8
                0x0000000000000054                __vector_14
                0x0000000000000054                __vector_10
                0x0000000000000054                __vector_16
                0x0000000000000054                __vector_18
                0x0000000000000054                __vector_20
                0x0000000000000056                . = ALIGN (0x2)
 *(.text.*)
 .text.adc_init
                0x0000000000000056        0xe ./src/adc.o
                0x0000000000000056                adc_init
 .text.adc_set_channel
                0x0000000000000064       0x10 ./src/adc.o
                0x0000000000000064                adc_set_channel
 .text.adc_start_measurement
                0x0000000000000074       0x12 ./src/adc.o
                0x0000000000000074                adc_start_measurement
 .text.adc_read
                0x0000000000000086       0x1c ./src/adc.o
                0x0000000000000086                adc_read
 .text.startup.main
                0x00000000000000a2       0x42 ./src/main.o
                0x00000000000000a2                main
 .text.pwm_enable
                0x00000000000000e4       0x40 ./src/pwm.o
                0x00000000000000e4                pwm_enable
 .text.pwm_set_timing_16
                0x0000000000000124       0x18 ./src/pwm.o
                0x0000000000000124                pwm_set_timing_16
 .text.pwm_init
                0x000000000000013c        0xc ./src/pwm.o
                0x000000000000013c                pwm_init
 .text.pwm_set_timing_r
                0x0000000000000148        0x4 ./src/pwm.o
                0x0000000000000148                pwm_set_timing_r
                0x000000000000014c                . = ALIGN (0x2)
 *(.fini9)
 .fini9         0x000000000000014c        0x0 /usr/lib/gcc/avr/4.8.2/avr4/libgcc.a(_exit.o)
                0x000000000000014c                exit
                0x000000000000014c                _exit
 *(.fini9)
 *(.fini8)
 *(.fini8)
 *(.fini7)
 *(.fini7)
 *(.fini6)
 *(.fini6)
 *(.fini5)
 *(.fini5)
 *(.fini4)
 *(.fini4)
 *(.fini3)
 *(.fini3)
 *(.fini2)
 *(.fini2)
 *(.fini1)
 *(.fini1)
 *(.fini0)
 .fini0         0x000000000000014c        0x4 /usr/lib/gcc/avr/4.8.2/avr4/libgcc.a(_exit.o)
 *(.fini0)
                0x0000000000000150                _etext = .

.data           0x0000000000800100        0x0 load address 0x0000000000000150
                0x0000000000800100                PROVIDE (__data_start, .)
 *(.data)
 .data          0x0000000000800100        0x0 /usr/lib/gcc/avr/4.8.2/../../../avr/lib/avr4/crtm88pa.o
 .data          0x0000000000800100        0x0 ./src/adc.o
 .data          0x0000000000800100        0x0 ./src/interrupt.o
 .data          0x0000000000800100        0x0 ./src/main.o
 .data          0x0000000000800100        0x0 ./src/pwm.o
 .data          0x0000000000800100        0x0 /usr/lib/gcc/avr/4.8.2/avr4/libgcc.a(_exit.o)
 .data          0x0000000000800100        0x0 /usr/lib/gcc/avr/4.8.2/avr4/libgcc.a(_clear_bss.o)
 *(.data*)
 *(.rodata)
 *(.rodata*)
 *(.gnu.linkonce.d*)
                0x0000000000800100                . = ALIGN (0x2)
                0x0000000000800100                _edata = .
                0x0000000000800100                PROVIDE (__data_end, .)

.bss            0x0000000000800100        0x2
                0x0000000000800100                PROVIDE (__bss_start, .)
 *(.bss)
 *(.bss*)
 .bss.meas_started
                0x0000000000800100        0x1 ./src/adc.o
                0x0000000000800100                meas_started
 *(COMMON)
 COMMON         0x0000000000800101        0x1 ./src/pwm.o
                0x0000000000800101                enabled
                0x0000000000800102                PROVIDE (__bss_end, .)
                0x0000000000000150                __data_load_start = LOADADDR (.data)
                0x0000000000000150                __data_load_end = (__data_load_start + SIZEOF (.data))

.noinit         0x0000000000800102        0x0
                0x0000000000800102                PROVIDE (__noinit_start, .)
 *(.noinit*)
                0x0000000000800102                PROVIDE (__noinit_end, .)
                0x0000000000800102                _end = .
                0x0000000000800102                PROVIDE (__heap_start, .)

.eeprom         0x0000000000810000        0x0
 *(.eeprom*)
                0x0000000000810000                __eeprom_end = .

.fuse
 *(.fuse)
 *(.lfuse)
 *(.hfuse)
 *(.efuse)

.lock
 *(.lock*)

.signature
 *(.signature*)

.user_signatures
 *(.user_signatures*)

.stab           0x0000000000000000      0x6cc
 *(.stab)
 .stab          0x0000000000000000      0x6cc /usr/lib/gcc/avr/4.8.2/../../../avr/lib/avr4/crtm88pa.o

.stabstr        0x0000000000000000       0x54
 *(.stabstr)
 .stabstr       0x0000000000000000       0x54 /usr/lib/gcc/avr/4.8.2/../../../avr/lib/avr4/crtm88pa.o

.stab.excl
 *(.stab.excl)

.stab.exclstr
 *(.stab.exclstr)

.stab.index
 *(.stab.index)

.stab.indexstr
 *(.stab.indexstr)

.comment        0x0000000000000000       0x11
 *(.comment)
 .comment       0x0000000000000000       0x11 ./src/adc.o
                                         0x12 (size before relaxing)
 .comment       0x0000000000000000       0x12 ./src/interrupt.o
 .comment       0x0000000000000000       0x12 ./src/main.o
 .comment       0x0000000000000000       0x12 ./src/pwm.o

.debug
 *(.debug)

.line
 *(.line)

.debug_srcinfo
 *(.debug_srcinfo)

.debug_sfnames
 *(.debug_sfnames)

.debug_aranges
 *(.debug_aranges)

.debug_pubnames
 *(.debug_pubnames)

.debug_info
 *(.debug_info)
 *(.gnu.linkonce.wi.*)

.debug_abbrev
 *(.debug_abbrev)

.debug_line
 *(.debug_line)

.debug_frame
 *(.debug_frame)

.debug_str
 *(.debug_str)

.debug_loc
 *(.debug_loc)

.debug_macinfo
 *(.debug_macinfo)

.debug_pubtypes
 *(.debug_pubtypes)

.debug_ranges
 *(.debug_ranges)

.debug_macro
 *(.debug_macro)
OUTPUT(rgn_scoreboard_atmega8_i2c.elf elf32-avr)
LOAD linker stubs

Cross Reference Table

Symbol                                            File
__bad_interrupt                                   /usr/lib/gcc/avr/4.8.2/../../../avr/lib/avr4/crtm88pa.o
__bss_end                                         /usr/lib/gcc/avr/4.8.2/avr4/libgcc.a(_clear_bss.o)
__bss_start                                       /usr/lib/gcc/avr/4.8.2/avr4/libgcc.a(_clear_bss.o)
__do_clear_bss                                    /usr/lib/gcc/avr/4.8.2/avr4/libgcc.a(_clear_bss.o)
                                                  ./src/pwm.o
                                                  ./src/adc.o
__heap_end                                        /usr/lib/gcc/avr/4.8.2/../../../avr/lib/avr4/crtm88pa.o
__init                                            /usr/lib/gcc/avr/4.8.2/../../../avr/lib/avr4/crtm88pa.o
__stack                                           /usr/lib/gcc/avr/4.8.2/../../../avr/lib/avr4/crtm88pa.o
__vector_1                                        /usr/lib/gcc/avr/4.8.2/../../../avr/lib/avr4/crtm88pa.o
__vector_10                                       /usr/lib/gcc/avr/4.8.2/../../../avr/lib/avr4/crtm88pa.o
__vector_11                                       /usr/lib/gcc/avr/4.8.2/../../../avr/lib/avr4/crtm88pa.o
__vector_12                                       /usr/lib/gcc/avr/4.8.2/../../../avr/lib/avr4/crtm88pa.o
__vector_13                                       /usr/lib/gcc/avr/4.8.2/../../../avr/lib/avr4/crtm88pa.o
__vector_14                                       /usr/lib/gcc/avr/4.8.2/../../../avr/lib/avr4/crtm88pa.o
__vector_15                                       /usr/lib/gcc/avr/4.8.2/../../../avr/lib/avr4/crtm88pa.o
__vector_16                                       /usr/lib/gcc/avr/4.8.2/../../../avr/lib/avr4/crtm88pa.o
__vector_17                                       /usr/lib/gcc/avr/4.8.2/../../../avr/lib/avr4/crtm88pa.o
__vector_18                                       /usr/lib/gcc/avr/4.8.2/../../../avr/lib/avr4/crtm88pa.o
__vector_19                                       /usr/lib/gcc/avr/4.8.2/../../../avr/lib/avr4/crtm88pa.o
__vector_2                                        /usr/lib/gcc/avr/4.8.2/../../../avr/lib/avr4/crtm88pa.o
__vector_20                                       /usr/lib/gcc/avr/4.8.2/../../../avr/lib/avr4/crtm88pa.o
__vector_21                                       /usr/lib/gcc/avr/4.8.2/../../../avr/lib/avr4/crtm88pa.o
__vector_22                                       /usr/lib/gcc/avr/4.8.2/../../../avr/lib/avr4/crtm88pa.o
__vector_23                                       /usr/lib/gcc/avr/4.8.2/../../../avr/lib/avr4/crtm88pa.o
__vector_24                                       /usr/lib/gcc/avr/4.8.2/../../../avr/lib/avr4/crtm88pa.o
__vector_25                                       /usr/lib/gcc/avr/4.8.2/../../../avr/lib/avr4/crtm88pa.o
__vector_3                                        /usr/lib/gcc/avr/4.8.2/../../../avr/lib/avr4/crtm88pa.o
__vector_4                                        /usr/lib/gcc/avr/4.8.2/../../../avr/lib/avr4/crtm88pa.o
__vector_5                                        /usr/lib/gcc/avr/4.8.2/../../../avr/lib/avr4/crtm88pa.o
__vector_6                                        /usr/lib/gcc/avr/4.8.2/../../../avr/lib/avr4/crtm88pa.o
__vector_7                                        /usr/lib/gcc/avr/4.8.2/../../../avr/lib/avr4/crtm88pa.o
__vector_8                                        /usr/lib/gcc/avr/4.8.2/../../../avr/lib/avr4/crtm88pa.o
__vector_9                                        /usr/lib/gcc/avr/4.8.2/../../../avr/lib/avr4/crtm88pa.o
__vector_default                                  /usr/lib/gcc/avr/4.8.2/../../../avr/lib/avr4/crtm88pa.o
__vectors                                         /usr/lib/gcc/avr/4.8.2/../../../avr/lib/avr4/crtm88pa.o
_exit                                             /usr/lib/gcc/avr/4.8.2/avr4/libgcc.a(_exit.o)
adc_init                                          ./src/adc.o
                                                  ./src/main.o
adc_read                                          ./src/adc.o
                                                  ./src/main.o
adc_set_channel                                   ./src/adc.o
                                                  ./src/main.o
adc_start_measurement                             ./src/adc.o
enabled                                           ./src/pwm.o
exit                                              /usr/lib/gcc/avr/4.8.2/avr4/libgcc.a(_exit.o)
                                                  /usr/lib/gcc/avr/4.8.2/../../../avr/lib/avr4/crtm88pa.o
main                                              ./src/main.o
                                                  /usr/lib/gcc/avr/4.8.2/../../../avr/lib/avr4/crtm88pa.o
meas_started                                      ./src/adc.o
pwm_enable                                        ./src/pwm.o
                                                  ./src/main.o
pwm_init                                          ./src/pwm.o
                                                  ./src/main.o
pwm_set_timing_16                                 ./src/pwm.o
pwm_set_timing_8                                  ./src/pwm.o
pwm_set_timing_b                                  ./src/pwm.o
pwm_set_timing_g                                  ./src/pwm.o
pwm_set_timing_r                                  ./src/pwm.o
                                                  ./src/main.o
