Archive member included to satisfy reference by file (symbol)

/usr/lib/gcc/avr/4.9.2/avr4/libgcc.a(_udivmodqi4.o)
                              ./src/anzeigeboard.o (__udivmodqi4)
/usr/lib/gcc/avr/4.9.2/avr4/libgcc.a(_exit.o)
                              /usr/lib/gcc/avr/4.9.2/../../../avr/lib/avr4/crtatmega88p.o (exit)
/usr/lib/gcc/avr/4.9.2/avr4/libgcc.a(_copy_data.o)
                              ./src/anzeigeboard.o (__do_copy_data)
/usr/lib/gcc/avr/4.9.2/avr4/libgcc.a(_clear_bss.o)
                              ./src/eeprom.o (__do_clear_bss)
/usr/lib/gcc/avr/4.9.2/../../../avr/lib/avr4/libatmega88p.a(eerd_block.o)
                              ./src/eeprom.o (eeprom_read_block)
/usr/lib/gcc/avr/4.9.2/../../../avr/lib/avr4/libatmega88p.a(eerd_byte.o)
                              ./src/eeprom.o (eeprom_read_byte)
/usr/lib/gcc/avr/4.9.2/../../../avr/lib/avr4/libatmega88p.a(eerd_dword.o)
                              ./src/eeprom.o (eeprom_read_dword)
/usr/lib/gcc/avr/4.9.2/../../../avr/lib/avr4/libatmega88p.a(eerd_word.o)
                              ./src/eeprom.o (eeprom_read_word)
/usr/lib/gcc/avr/4.9.2/../../../avr/lib/avr4/libatmega88p.a(eeupd_block.o)
                              ./src/eeprom.o (eeprom_update_block)
/usr/lib/gcc/avr/4.9.2/../../../avr/lib/avr4/libatmega88p.a(eeupd_byte.o)
                              ./src/eeprom.o (eeprom_update_byte)
/usr/lib/gcc/avr/4.9.2/../../../avr/lib/avr4/libatmega88p.a(eeupd_dword.o)
                              ./src/eeprom.o (eeprom_update_dword)
/usr/lib/gcc/avr/4.9.2/../../../avr/lib/avr4/libatmega88p.a(eeupd_word.o)
                              ./src/eeprom.o (eeprom_update_word)
/usr/lib/gcc/avr/4.9.2/../../../avr/lib/avr4/libatmega88p.a(eewr_block.o)
                              ./src/eeprom.o (eeprom_write_block)
/usr/lib/gcc/avr/4.9.2/../../../avr/lib/avr4/libatmega88p.a(eewr_byte.o)
                              ./src/eeprom.o (eeprom_write_byte)
/usr/lib/gcc/avr/4.9.2/../../../avr/lib/avr4/libatmega88p.a(eewr_dword.o)
                              ./src/eeprom.o (eeprom_write_dword)
/usr/lib/gcc/avr/4.9.2/../../../avr/lib/avr4/libatmega88p.a(eewr_word.o)
                              ./src/eeprom.o (eeprom_write_word)

Allocating common symbols
Common symbol       size              file

enabled             0x1               ./src/pwm.o
i2c_rx_buf          0x4               ./src/i2c.o
i2c_tx_buf          0x4               ./src/i2c.o

Discarded input sections

 .data          0x0000000000000000        0x0 /usr/lib/gcc/avr/4.9.2/../../../avr/lib/avr4/crtatmega88p.o
 .bss           0x0000000000000000        0x0 /usr/lib/gcc/avr/4.9.2/../../../avr/lib/avr4/crtatmega88p.o
 .text          0x0000000000000000        0x0 ./src/anzeigeboard.o
 .data          0x0000000000000000        0x0 ./src/anzeigeboard.o
 .bss           0x0000000000000000        0x0 ./src/anzeigeboard.o
 .text.anzeige_convert
                0x0000000000000000       0x14 ./src/anzeigeboard.o
 .text.anzeige_write_direct
                0x0000000000000000        0x6 ./src/anzeigeboard.o
 .text          0x0000000000000000        0x0 ./src/eeprom.o
 .data          0x0000000000000000        0x0 ./src/eeprom.o
 .bss           0x0000000000000000        0x0 ./src/eeprom.o
 .text.irqd_eeprom_read_word
                0x0000000000000000       0x26 ./src/eeprom.o
 .text.irqd_eeprom_read_dword
                0x0000000000000000       0x26 ./src/eeprom.o
 .text.irqd_eeprom_read_float
                0x0000000000000000       0x26 ./src/eeprom.o
 .text.irqd_eeprom_read_block
                0x0000000000000000       0x3e ./src/eeprom.o
 .text.irqd_eeprom_write_byte
                0x0000000000000000       0x2e ./src/eeprom.o
 .text.irqd_eeprom_write_word
                0x0000000000000000       0x34 ./src/eeprom.o
 .text.irqd_eeprom_write_dword
                0x0000000000000000       0x42 ./src/eeprom.o
 .text.irqd_eeprom_write_float
                0x0000000000000000       0x42 ./src/eeprom.o
 .text.irqd_eeprom_write_block
                0x0000000000000000       0x3e ./src/eeprom.o
 .text.irqd_eeprom_update_word
                0x0000000000000000       0x34 ./src/eeprom.o
 .text.irqd_eeprom_update_dword
                0x0000000000000000       0x42 ./src/eeprom.o
 .text.irqd_eeprom_update_float
                0x0000000000000000       0x42 ./src/eeprom.o
 .text.irqd_eeprom_update_block
                0x0000000000000000       0x3e ./src/eeprom.o
 .text          0x0000000000000000        0x0 ./src/i2c.o
 .data          0x0000000000000000        0x0 ./src/i2c.o
 .bss           0x0000000000000000        0x0 ./src/i2c.o
 .text.i2c_get_status
                0x0000000000000000        0x6 ./src/i2c.o
 .text.i2c_busy
                0x0000000000000000        0x8 ./src/i2c.o
 .text.i2c_slave_start_rx
                0x0000000000000000       0x1a ./src/i2c.o
 .text          0x0000000000000000        0x0 ./src/interrupt.o
 .data          0x0000000000000000        0x0 ./src/interrupt.o
 .bss           0x0000000000000000        0x0 ./src/interrupt.o
 .text          0x0000000000000000        0x0 ./src/main.o
 .data          0x0000000000000000        0x0 ./src/main.o
 .bss           0x0000000000000000        0x0 ./src/main.o
 .text          0x0000000000000000        0x0 ./src/pwm.o
 .data          0x0000000000000000        0x0 ./src/pwm.o
 .bss           0x0000000000000000        0x0 ./src/pwm.o
 .text          0x0000000000000000        0x0 /usr/lib/gcc/avr/4.9.2/avr4/libgcc.a(_udivmodqi4.o)
 .data          0x0000000000000000        0x0 /usr/lib/gcc/avr/4.9.2/avr4/libgcc.a(_udivmodqi4.o)
 .bss           0x0000000000000000        0x0 /usr/lib/gcc/avr/4.9.2/avr4/libgcc.a(_udivmodqi4.o)
 .text.libgcc.mul
                0x0000000000000000        0x0 /usr/lib/gcc/avr/4.9.2/avr4/libgcc.a(_udivmodqi4.o)
 .text.libgcc   0x0000000000000000        0x0 /usr/lib/gcc/avr/4.9.2/avr4/libgcc.a(_udivmodqi4.o)
 .text.libgcc.prologue
                0x0000000000000000        0x0 /usr/lib/gcc/avr/4.9.2/avr4/libgcc.a(_udivmodqi4.o)
 .text.libgcc.builtins
                0x0000000000000000        0x0 /usr/lib/gcc/avr/4.9.2/avr4/libgcc.a(_udivmodqi4.o)
 .text.libgcc.fmul
                0x0000000000000000        0x0 /usr/lib/gcc/avr/4.9.2/avr4/libgcc.a(_udivmodqi4.o)
 .text.libgcc.fixed
                0x0000000000000000        0x0 /usr/lib/gcc/avr/4.9.2/avr4/libgcc.a(_udivmodqi4.o)
 .text          0x0000000000000000        0x0 /usr/lib/gcc/avr/4.9.2/avr4/libgcc.a(_exit.o)
 .data          0x0000000000000000        0x0 /usr/lib/gcc/avr/4.9.2/avr4/libgcc.a(_exit.o)
 .bss           0x0000000000000000        0x0 /usr/lib/gcc/avr/4.9.2/avr4/libgcc.a(_exit.o)
 .text.libgcc.mul
                0x0000000000000000        0x0 /usr/lib/gcc/avr/4.9.2/avr4/libgcc.a(_exit.o)
 .text.libgcc.div
                0x0000000000000000        0x0 /usr/lib/gcc/avr/4.9.2/avr4/libgcc.a(_exit.o)
 .text.libgcc   0x0000000000000000        0x0 /usr/lib/gcc/avr/4.9.2/avr4/libgcc.a(_exit.o)
 .text.libgcc.prologue
                0x0000000000000000        0x0 /usr/lib/gcc/avr/4.9.2/avr4/libgcc.a(_exit.o)
 .text.libgcc.builtins
                0x0000000000000000        0x0 /usr/lib/gcc/avr/4.9.2/avr4/libgcc.a(_exit.o)
 .text.libgcc.fmul
                0x0000000000000000        0x0 /usr/lib/gcc/avr/4.9.2/avr4/libgcc.a(_exit.o)
 .text.libgcc.fixed
                0x0000000000000000        0x0 /usr/lib/gcc/avr/4.9.2/avr4/libgcc.a(_exit.o)
 .text          0x0000000000000000        0x0 /usr/lib/gcc/avr/4.9.2/avr4/libgcc.a(_copy_data.o)
 .data          0x0000000000000000        0x0 /usr/lib/gcc/avr/4.9.2/avr4/libgcc.a(_copy_data.o)
 .bss           0x0000000000000000        0x0 /usr/lib/gcc/avr/4.9.2/avr4/libgcc.a(_copy_data.o)
 .text.libgcc.mul
                0x0000000000000000        0x0 /usr/lib/gcc/avr/4.9.2/avr4/libgcc.a(_copy_data.o)
 .text.libgcc.div
                0x0000000000000000        0x0 /usr/lib/gcc/avr/4.9.2/avr4/libgcc.a(_copy_data.o)
 .text.libgcc   0x0000000000000000        0x0 /usr/lib/gcc/avr/4.9.2/avr4/libgcc.a(_copy_data.o)
 .text.libgcc.prologue
                0x0000000000000000        0x0 /usr/lib/gcc/avr/4.9.2/avr4/libgcc.a(_copy_data.o)
 .text.libgcc.builtins
                0x0000000000000000        0x0 /usr/lib/gcc/avr/4.9.2/avr4/libgcc.a(_copy_data.o)
 .text.libgcc.fmul
                0x0000000000000000        0x0 /usr/lib/gcc/avr/4.9.2/avr4/libgcc.a(_copy_data.o)
 .text.libgcc.fixed
                0x0000000000000000        0x0 /usr/lib/gcc/avr/4.9.2/avr4/libgcc.a(_copy_data.o)
 .text          0x0000000000000000        0x0 /usr/lib/gcc/avr/4.9.2/avr4/libgcc.a(_clear_bss.o)
 .data          0x0000000000000000        0x0 /usr/lib/gcc/avr/4.9.2/avr4/libgcc.a(_clear_bss.o)
 .bss           0x0000000000000000        0x0 /usr/lib/gcc/avr/4.9.2/avr4/libgcc.a(_clear_bss.o)
 .text.libgcc.mul
                0x0000000000000000        0x0 /usr/lib/gcc/avr/4.9.2/avr4/libgcc.a(_clear_bss.o)
 .text.libgcc.div
                0x0000000000000000        0x0 /usr/lib/gcc/avr/4.9.2/avr4/libgcc.a(_clear_bss.o)
 .text.libgcc   0x0000000000000000        0x0 /usr/lib/gcc/avr/4.9.2/avr4/libgcc.a(_clear_bss.o)
 .text.libgcc.prologue
                0x0000000000000000        0x0 /usr/lib/gcc/avr/4.9.2/avr4/libgcc.a(_clear_bss.o)
 .text.libgcc.builtins
                0x0000000000000000        0x0 /usr/lib/gcc/avr/4.9.2/avr4/libgcc.a(_clear_bss.o)
 .text.libgcc.fmul
                0x0000000000000000        0x0 /usr/lib/gcc/avr/4.9.2/avr4/libgcc.a(_clear_bss.o)
 .text.libgcc.fixed
                0x0000000000000000        0x0 /usr/lib/gcc/avr/4.9.2/avr4/libgcc.a(_clear_bss.o)
 .text          0x0000000000000000        0x0 /usr/lib/gcc/avr/4.9.2/../../../avr/lib/avr4/libatmega88p.a(eerd_block.o)
 .data          0x0000000000000000        0x0 /usr/lib/gcc/avr/4.9.2/../../../avr/lib/avr4/libatmega88p.a(eerd_block.o)
 .bss           0x0000000000000000        0x0 /usr/lib/gcc/avr/4.9.2/../../../avr/lib/avr4/libatmega88p.a(eerd_block.o)
 .text.avr-libc
                0x0000000000000000       0x20 /usr/lib/gcc/avr/4.9.2/../../../avr/lib/avr4/libatmega88p.a(eerd_block.o)
 .text          0x0000000000000000        0x0 /usr/lib/gcc/avr/4.9.2/../../../avr/lib/avr4/libatmega88p.a(eerd_byte.o)
 .data          0x0000000000000000        0x0 /usr/lib/gcc/avr/4.9.2/../../../avr/lib/avr4/libatmega88p.a(eerd_byte.o)
 .bss           0x0000000000000000        0x0 /usr/lib/gcc/avr/4.9.2/../../../avr/lib/avr4/libatmega88p.a(eerd_byte.o)
 .text          0x0000000000000000        0x0 /usr/lib/gcc/avr/4.9.2/../../../avr/lib/avr4/libatmega88p.a(eerd_dword.o)
 .data          0x0000000000000000        0x0 /usr/lib/gcc/avr/4.9.2/../../../avr/lib/avr4/libatmega88p.a(eerd_dword.o)
 .bss           0x0000000000000000        0x0 /usr/lib/gcc/avr/4.9.2/../../../avr/lib/avr4/libatmega88p.a(eerd_dword.o)
 .text.avr-libc
                0x0000000000000000        0xa /usr/lib/gcc/avr/4.9.2/../../../avr/lib/avr4/libatmega88p.a(eerd_dword.o)
 .text          0x0000000000000000        0x0 /usr/lib/gcc/avr/4.9.2/../../../avr/lib/avr4/libatmega88p.a(eerd_word.o)
 .data          0x0000000000000000        0x0 /usr/lib/gcc/avr/4.9.2/../../../avr/lib/avr4/libatmega88p.a(eerd_word.o)
 .bss           0x0000000000000000        0x0 /usr/lib/gcc/avr/4.9.2/../../../avr/lib/avr4/libatmega88p.a(eerd_word.o)
 .text.avr-libc
                0x0000000000000000        0xa /usr/lib/gcc/avr/4.9.2/../../../avr/lib/avr4/libatmega88p.a(eerd_word.o)
 .text          0x0000000000000000        0x0 /usr/lib/gcc/avr/4.9.2/../../../avr/lib/avr4/libatmega88p.a(eeupd_block.o)
 .data          0x0000000000000000        0x0 /usr/lib/gcc/avr/4.9.2/../../../avr/lib/avr4/libatmega88p.a(eeupd_block.o)
 .bss           0x0000000000000000        0x0 /usr/lib/gcc/avr/4.9.2/../../../avr/lib/avr4/libatmega88p.a(eeupd_block.o)
 .text.avr-libc
                0x0000000000000000       0x1e /usr/lib/gcc/avr/4.9.2/../../../avr/lib/avr4/libatmega88p.a(eeupd_block.o)
 .text          0x0000000000000000        0x0 /usr/lib/gcc/avr/4.9.2/../../../avr/lib/avr4/libatmega88p.a(eeupd_byte.o)
 .data          0x0000000000000000        0x0 /usr/lib/gcc/avr/4.9.2/../../../avr/lib/avr4/libatmega88p.a(eeupd_byte.o)
 .bss           0x0000000000000000        0x0 /usr/lib/gcc/avr/4.9.2/../../../avr/lib/avr4/libatmega88p.a(eeupd_byte.o)
 .text          0x0000000000000000        0x0 /usr/lib/gcc/avr/4.9.2/../../../avr/lib/avr4/libatmega88p.a(eeupd_dword.o)
 .data          0x0000000000000000        0x0 /usr/lib/gcc/avr/4.9.2/../../../avr/lib/avr4/libatmega88p.a(eeupd_dword.o)
 .bss           0x0000000000000000        0x0 /usr/lib/gcc/avr/4.9.2/../../../avr/lib/avr4/libatmega88p.a(eeupd_dword.o)
 .text.avr-libc
                0x0000000000000000       0x10 /usr/lib/gcc/avr/4.9.2/../../../avr/lib/avr4/libatmega88p.a(eeupd_dword.o)
 .text          0x0000000000000000        0x0 /usr/lib/gcc/avr/4.9.2/../../../avr/lib/avr4/libatmega88p.a(eeupd_word.o)
 .data          0x0000000000000000        0x0 /usr/lib/gcc/avr/4.9.2/../../../avr/lib/avr4/libatmega88p.a(eeupd_word.o)
 .bss           0x0000000000000000        0x0 /usr/lib/gcc/avr/4.9.2/../../../avr/lib/avr4/libatmega88p.a(eeupd_word.o)
 .text.avr-libc
                0x0000000000000000        0x8 /usr/lib/gcc/avr/4.9.2/../../../avr/lib/avr4/libatmega88p.a(eeupd_word.o)
 .text          0x0000000000000000        0x0 /usr/lib/gcc/avr/4.9.2/../../../avr/lib/avr4/libatmega88p.a(eewr_block.o)
 .data          0x0000000000000000        0x0 /usr/lib/gcc/avr/4.9.2/../../../avr/lib/avr4/libatmega88p.a(eewr_block.o)
 .bss           0x0000000000000000        0x0 /usr/lib/gcc/avr/4.9.2/../../../avr/lib/avr4/libatmega88p.a(eewr_block.o)
 .text.avr-libc
                0x0000000000000000       0x12 /usr/lib/gcc/avr/4.9.2/../../../avr/lib/avr4/libatmega88p.a(eewr_block.o)
 .text          0x0000000000000000        0x0 /usr/lib/gcc/avr/4.9.2/../../../avr/lib/avr4/libatmega88p.a(eewr_byte.o)
 .data          0x0000000000000000        0x0 /usr/lib/gcc/avr/4.9.2/../../../avr/lib/avr4/libatmega88p.a(eewr_byte.o)
 .bss           0x0000000000000000        0x0 /usr/lib/gcc/avr/4.9.2/../../../avr/lib/avr4/libatmega88p.a(eewr_byte.o)
 .text.avr-libc
                0x0000000000000000       0x1c /usr/lib/gcc/avr/4.9.2/../../../avr/lib/avr4/libatmega88p.a(eewr_byte.o)
 .text          0x0000000000000000        0x0 /usr/lib/gcc/avr/4.9.2/../../../avr/lib/avr4/libatmega88p.a(eewr_dword.o)
 .data          0x0000000000000000        0x0 /usr/lib/gcc/avr/4.9.2/../../../avr/lib/avr4/libatmega88p.a(eewr_dword.o)
 .bss           0x0000000000000000        0x0 /usr/lib/gcc/avr/4.9.2/../../../avr/lib/avr4/libatmega88p.a(eewr_dword.o)
 .text.avr-libc
                0x0000000000000000        0xa /usr/lib/gcc/avr/4.9.2/../../../avr/lib/avr4/libatmega88p.a(eewr_dword.o)
 .text          0x0000000000000000        0x0 /usr/lib/gcc/avr/4.9.2/../../../avr/lib/avr4/libatmega88p.a(eewr_word.o)
 .data          0x0000000000000000        0x0 /usr/lib/gcc/avr/4.9.2/../../../avr/lib/avr4/libatmega88p.a(eewr_word.o)
 .bss           0x0000000000000000        0x0 /usr/lib/gcc/avr/4.9.2/../../../avr/lib/avr4/libatmega88p.a(eewr_word.o)
 .text.avr-libc
                0x0000000000000000        0x6 /usr/lib/gcc/avr/4.9.2/../../../avr/lib/avr4/libatmega88p.a(eewr_word.o)

↵
Speichereinrichtung
↵

Name             Ursprung           Länge             Eigenschaften
text             0x0000000000000000 0x0000000000002000 xr
data             0x0000000000800060 0x000000000000ffa0 rw !x
eeprom           0x0000000000810000 0x0000000000010000 rw !x
fuse             0x0000000000820000 0x0000000000000400 rw !x
lock             0x0000000000830000 0x0000000000000400 rw !x
signature        0x0000000000840000 0x0000000000000400 rw !x
user_signatures  0x0000000000850000 0x0000000000000400 rw !x
*default*        0x0000000000000000 0xffffffffffffffff

Linker script and memory map

Address of section .data set to 0x800100
LOAD /usr/lib/gcc/avr/4.9.2/../../../avr/lib/avr4/crtatmega88p.o
LOAD ./src/anzeigeboard.o
LOAD ./src/eeprom.o
LOAD ./src/i2c.o
LOAD ./src/interrupt.o
LOAD ./src/main.o
LOAD ./src/pwm.o
LOAD /usr/lib/gcc/avr/4.9.2/avr4/libgcc.a
LOAD /usr/lib/gcc/avr/4.9.2/../../../avr/lib/avr4/libm.a
START GROUP
LOAD /usr/lib/gcc/avr/4.9.2/avr4/libgcc.a
LOAD /usr/lib/gcc/avr/4.9.2/../../../avr/lib/avr4/libm.a
LOAD /usr/lib/gcc/avr/4.9.2/../../../avr/lib/avr4/libc.a
LOAD /usr/lib/gcc/avr/4.9.2/../../../avr/lib/avr4/libatmega88p.a
END GROUP

.hash
 *(.hash)

.dynsym
 *(.dynsym)

.dynstr
 *(.dynstr)

.gnu.version
 *(.gnu.version)

.gnu.version_d
 *(.gnu.version_d)

.gnu.version_r
 *(.gnu.version_r)

.rel.init
 *(.rel.init)

.rela.init
 *(.rela.init)

.rel.text
 *(.rel.text)
 *(.rel.text.*)
 *(.rel.gnu.linkonce.t*)

.rela.text
 *(.rela.text)
 *(.rela.text.*)
 *(.rela.gnu.linkonce.t*)

.rel.fini
 *(.rel.fini)

.rela.fini
 *(.rela.fini)

.rel.rodata
 *(.rel.rodata)
 *(.rel.rodata.*)
 *(.rel.gnu.linkonce.r*)

.rela.rodata
 *(.rela.rodata)
 *(.rela.rodata.*)
 *(.rela.gnu.linkonce.r*)

.rel.data
 *(.rel.data)
 *(.rel.data.*)
 *(.rel.gnu.linkonce.d*)

.rela.data
 *(.rela.data)
 *(.rela.data.*)
 *(.rela.gnu.linkonce.d*)

.rel.ctors
 *(.rel.ctors)

.rela.ctors
 *(.rela.ctors)

.rel.dtors
 *(.rel.dtors)

.rela.dtors
 *(.rela.dtors)

.rel.got
 *(.rel.got)

.rela.got
 *(.rela.got)

.rel.bss
 *(.rel.bss)

.rela.bss
 *(.rela.bss)

.rel.plt
 *(.rel.plt)

.rela.plt
 *(.rela.plt)

.text           0x0000000000000000      0x924
 *(.vectors)
 .vectors       0x0000000000000000       0x34 /usr/lib/gcc/avr/4.9.2/../../../avr/lib/avr4/crtatmega88p.o
                0x0000000000000000                __vectors
                0x0000000000000000                __vector_default
 *(.vectors)
 *(.progmem.gcc*)
                0x0000000000000034                . = ALIGN (0x2)
                0x0000000000000034                __trampolines_start = .
 *(.trampolines)
 .trampolines   0x0000000000000034        0x0 linker stubs
 *(.trampolines*)
                0x0000000000000034                __trampolines_end = .
 *(.progmem*)
                0x0000000000000034                . = ALIGN (0x2)
 *(.jumptables)
 *(.jumptables*)
 *(.lowtext)
 *(.lowtext*)
                0x0000000000000034                __ctors_start = .
 *(.ctors)
                0x0000000000000034                __ctors_end = .
                0x0000000000000034                __dtors_start = .
 *(.dtors)
                0x0000000000000034                __dtors_end = .
 SORT(*)(.ctors)
 SORT(*)(.dtors)
 *(.init0)
 .init0         0x0000000000000034        0x0 /usr/lib/gcc/avr/4.9.2/../../../avr/lib/avr4/crtatmega88p.o
                0x0000000000000034                __init
 *(.init0)
 *(.init1)
 *(.init1)
 *(.init2)
 .init2         0x0000000000000034        0xc /usr/lib/gcc/avr/4.9.2/../../../avr/lib/avr4/crtatmega88p.o
 *(.init2)
 *(.init3)
 *(.init3)
 *(.init4)
 .init4         0x0000000000000040       0x16 /usr/lib/gcc/avr/4.9.2/avr4/libgcc.a(_copy_data.o)
                0x0000000000000040                __do_copy_data
 .init4         0x0000000000000056       0x10 /usr/lib/gcc/avr/4.9.2/avr4/libgcc.a(_clear_bss.o)
                0x0000000000000056                __do_clear_bss
 *(.init4)
 *(.init5)
 *(.init5)
 *(.init6)
 *(.init6)
 *(.init7)
 *(.init7)
 *(.init8)
 *(.init8)
 *(.init9)
 .init9         0x0000000000000066        0x4 /usr/lib/gcc/avr/4.9.2/../../../avr/lib/avr4/crtatmega88p.o
 *(.init9)
 *(.text)
 .text          0x000000000000006a        0x2 /usr/lib/gcc/avr/4.9.2/../../../avr/lib/avr4/crtatmega88p.o
                0x000000000000006a                __vector_22
                0x000000000000006a                __vector_1
                0x000000000000006a                __vector_12
                0x000000000000006a                __bad_interrupt
                0x000000000000006a                __vector_6
                0x000000000000006a                __vector_3
                0x000000000000006a                __vector_23
                0x000000000000006a                __vector_25
                0x000000000000006a                __vector_11
                0x000000000000006a                __vector_13
                0x000000000000006a                __vector_17
                0x000000000000006a                __vector_19
                0x000000000000006a                __vector_7
                0x000000000000006a                __vector_5
                0x000000000000006a                __vector_4
                0x000000000000006a                __vector_9
                0x000000000000006a                __vector_2
                0x000000000000006a                __vector_21
                0x000000000000006a                __vector_15
                0x000000000000006a                __vector_8
                0x000000000000006a                __vector_14
                0x000000000000006a                __vector_10
                0x000000000000006a                __vector_16
                0x000000000000006a                __vector_18
                0x000000000000006a                __vector_20
                0x000000000000006c                . = ALIGN (0x2)
 *(.text.*)
 .text.anzeige_init
                0x000000000000006c       0x2c ./src/anzeigeboard.o
                0x000000000000006c                anzeige_init
 .text.anzeige_einer
                0x0000000000000098       0x66 ./src/anzeigeboard.o
                0x0000000000000098                anzeige_einer
 .text.anzeige_zehner
                0x00000000000000fe       0x66 ./src/anzeigeboard.o
                0x00000000000000fe                anzeige_zehner
 .text.anzeige_write
                0x0000000000000164       0x48 ./src/anzeigeboard.o
                0x0000000000000164                anzeige_write
 .text.anzeige_write_convert_0
                0x00000000000001ac       0x14 ./src/anzeigeboard.o
                0x00000000000001ac                anzeige_write_convert_0
 .text.anzeige_write_convert_1
                0x00000000000001c0       0x14 ./src/anzeigeboard.o
                0x00000000000001c0                anzeige_write_convert_1
 .text.anzeige_write_convert
                0x00000000000001d4       0x1e ./src/anzeigeboard.o
                0x00000000000001d4                anzeige_write_convert
 .text.anzeige_set_bits_0
                0x00000000000001f2       0x1e ./src/anzeigeboard.o
                0x00000000000001f2                anzeige_set_bits_0
 .text.anzeige_clear_bits_0
                0x0000000000000210       0x1e ./src/anzeigeboard.o
                0x0000000000000210                anzeige_clear_bits_0
 .text.anzeige_set_bits_1
                0x000000000000022e       0x1e ./src/anzeigeboard.o
                0x000000000000022e                anzeige_set_bits_1
 .text.anzeige_clear_bits_1
                0x000000000000024c       0x1e ./src/anzeigeboard.o
                0x000000000000024c                anzeige_clear_bits_1
 .text.anzeige_test
                0x000000000000026a       0xd8 ./src/anzeigeboard.o
                0x000000000000026a                anzeige_test
 .text.irq_ctrl.part.0
                0x0000000000000342        0xa ./src/eeprom.o
 .text.irq_ctrl
                0x000000000000034c        0xe ./src/eeprom.o
                0x000000000000034c                irq_ctrl
 .text.irqd_eeprom_read_byte
                0x000000000000035a       0x26 ./src/eeprom.o
                0x000000000000035a                irqd_eeprom_read_byte
 .text.irqd_eeprom_update_byte
                0x0000000000000380       0x2e ./src/eeprom.o
                0x0000000000000380                irqd_eeprom_update_byte
 .text.i2c_init
                0x00000000000003ae       0x3a ./src/i2c.o
                0x00000000000003ae                i2c_init
 .text.i2c_get_status_register
                0x00000000000003e8        0x6 ./src/i2c.o
                0x00000000000003e8                i2c_get_status_register
 .text.i2c_wait_busy
                0x00000000000003ee        0xe ./src/i2c.o
                0x00000000000003ee                i2c_wait_busy
 .text.i2c_slave_start_tx_data
                0x00000000000003fc       0x3a ./src/i2c.o
                0x00000000000003fc                i2c_slave_start_tx_data
 .text.i2c_get_data
                0x0000000000000436       0x4c ./src/i2c.o
                0x0000000000000436                i2c_get_data
 .text.__vector_24
                0x0000000000000482      0x148 ./src/interrupt.o
                0x0000000000000482                __vector_24
 .text.startup.main
                0x00000000000005ca      0x208 ./src/main.o
                0x00000000000005ca                main
 .text.pwm_enable
                0x00000000000007d2       0x4c ./src/pwm.o
                0x00000000000007d2                pwm_enable
 .text.pwm_set_output_disabled
                0x000000000000081e       0x3e ./src/pwm.o
                0x000000000000081e                pwm_set_output_disabled
 .text.pwm_set_timing_16
                0x000000000000085c       0x18 ./src/pwm.o
                0x000000000000085c                pwm_set_timing_16
 .text.pwm_set_timing_g
                0x0000000000000874       0x1e ./src/pwm.o
                0x0000000000000874                pwm_set_timing_g
 .text.pwm_set_timing_b
                0x0000000000000892       0x10 ./src/pwm.o
                0x0000000000000892                pwm_set_timing_b
 .text.pwm_set_timing_r
                0x00000000000008a2        0xc ./src/pwm.o
                0x00000000000008a2                pwm_set_timing_r
 .text.pwm_set_timing_8
                0x00000000000008ae        0xe ./src/pwm.o
                0x00000000000008ae                pwm_set_timing_8
 .text.pwm_init
                0x00000000000008bc       0x18 ./src/pwm.o
                0x00000000000008bc                pwm_init
 .text.libgcc.div
                0x00000000000008d4       0x18 /usr/lib/gcc/avr/4.9.2/avr4/libgcc.a(_udivmodqi4.o)
                0x00000000000008d4                __udivmodqi4
 .text.avr-libc
                0x00000000000008ec       0x10 /usr/lib/gcc/avr/4.9.2/../../../avr/lib/avr4/libatmega88p.a(eerd_byte.o)
                0x00000000000008ec                eeprom_read_byte
 .text.avr-libc
                0x00000000000008fc       0x24 /usr/lib/gcc/avr/4.9.2/../../../avr/lib/avr4/libatmega88p.a(eeupd_byte.o)
                0x00000000000008fc                eeprom_update_byte
                0x00000000000008fe                eeprom_update_r18
                0x0000000000000920                . = ALIGN (0x2)
 *(.fini9)
 .fini9         0x0000000000000920        0x0 /usr/lib/gcc/avr/4.9.2/avr4/libgcc.a(_exit.o)
                0x0000000000000920                exit
                0x0000000000000920                _exit
 *(.fini9)
 *(.fini8)
 *(.fini8)
 *(.fini7)
 *(.fini7)
 *(.fini6)
 *(.fini6)
 *(.fini5)
 *(.fini5)
 *(.fini4)
 *(.fini4)
 *(.fini3)
 *(.fini3)
 *(.fini2)
 *(.fini2)
 *(.fini1)
 *(.fini1)
 *(.fini0)
 .fini0         0x0000000000000920        0x4 /usr/lib/gcc/avr/4.9.2/avr4/libgcc.a(_exit.o)
 *(.fini0)
                0x0000000000000924                _etext = .

.data           0x0000000000800100       0xfc load address 0x0000000000000924
                0x0000000000800100                PROVIDE (__data_start, .)
 *(.data)
 *(.data*)
 .data.i2c_status
                0x0000000000800100        0x1 ./src/i2c.o
                0x0000000000800100                i2c_status
 *(.rodata)
 *(.rodata*)
 .rodata.CSWTCH.19
                0x0000000000800101       0xfb ./src/anzeigeboard.o
 *(.gnu.linkonce.d*)
                0x00000000008001fc                . = ALIGN (0x2)
                0x00000000008001fc                _edata = .
                0x00000000008001fc                PROVIDE (__data_end, .)

.bss            0x00000000008001fc        0xe
                0x00000000008001fc                PROVIDE (__bss_start, .)
 *(.bss)
 *(.bss*)
 .bss.tmp_sreg.1609
                0x00000000008001fc        0x1 ./src/eeprom.o
 .bss.i2c_status_register
                0x00000000008001fd        0x1 ./src/i2c.o
                0x00000000008001fd                i2c_status_register
 .bss.i2c_msg_size
                0x00000000008001fe        0x1 ./src/i2c.o
                0x00000000008001fe                i2c_msg_size
 .bss.i2c_rx_buf_ptr.1574
                0x00000000008001ff        0x1 ./src/interrupt.o
 .bss.i2c_tx_buf_ptr.1573
                0x0000000000800200        0x1 ./src/interrupt.o
 *(COMMON)
 COMMON         0x0000000000800201        0x8 ./src/i2c.o
                0x0000000000800201                i2c_rx_buf
                0x0000000000800205                i2c_tx_buf
 COMMON         0x0000000000800209        0x1 ./src/pwm.o
                0x0000000000800209                enabled
                0x000000000080020a                PROVIDE (__bss_end, .)
                0x0000000000000924                __data_load_start = LOADADDR (.data)
                0x0000000000000a20                __data_load_end = (__data_load_start + SIZEOF (.data))

.noinit         0x000000000080020a        0x0
                0x000000000080020a                PROVIDE (__noinit_start, .)
 *(.noinit*)
                0x000000000080020a                PROVIDE (__noinit_end, .)
                0x000000000080020a                _end = .
                0x000000000080020a                PROVIDE (__heap_start, .)

.eeprom         0x0000000000810000        0x0
 *(.eeprom*)
                0x0000000000810000                __eeprom_end = .

.fuse
 *(.fuse)
 *(.lfuse)
 *(.hfuse)
 *(.efuse)

.lock
 *(.lock*)

.signature
 *(.signature*)

.user_signatures
 *(.user_signatures*)

.stab
 *(.stab)

.stabstr
 *(.stabstr)

.stab.excl
 *(.stab.excl)

.stab.exclstr
 *(.stab.exclstr)

.stab.index
 *(.stab.index)

.stab.indexstr
 *(.stab.indexstr)

.comment        0x0000000000000000       0x11
 *(.comment)
 .comment       0x0000000000000000       0x11 ./src/anzeigeboard.o
                                         0x12 (size before relaxing)
 .comment       0x0000000000000011       0x12 ./src/eeprom.o
 .comment       0x0000000000000011       0x12 ./src/i2c.o
 .comment       0x0000000000000011       0x12 ./src/interrupt.o
 .comment       0x0000000000000011       0x12 ./src/main.o
 .comment       0x0000000000000011       0x12 ./src/pwm.o

.note.gnu.avr.deviceinfo
                0x0000000000000000       0x3c
 .note.gnu.avr.deviceinfo
                0x0000000000000000       0x3c /usr/lib/gcc/avr/4.9.2/../../../avr/lib/avr4/crtatmega88p.o

.note.gnu.build-id
 *(.note.gnu.build-id)

.debug
 *(.debug)

.line
 *(.line)

.debug_srcinfo
 *(.debug_srcinfo)

.debug_sfnames
 *(.debug_sfnames)

.debug_aranges
 *(.debug_aranges)

.debug_pubnames
 *(.debug_pubnames)

.debug_info
 *(.debug_info .gnu.linkonce.wi.*)

.debug_abbrev
 *(.debug_abbrev)

.debug_line
 *(.debug_line .debug_line.* .debug_line_end)

.debug_frame
 *(.debug_frame)

.debug_str
 *(.debug_str)

.debug_loc
 *(.debug_loc)

.debug_macinfo
 *(.debug_macinfo)

.debug_weaknames
 *(.debug_weaknames)

.debug_funcnames
 *(.debug_funcnames)

.debug_typenames
 *(.debug_typenames)

.debug_varnames
 *(.debug_varnames)

.debug_pubtypes
 *(.debug_pubtypes)

.debug_ranges
 *(.debug_ranges)

.debug_macro
 *(.debug_macro)
OUTPUT(rgn_scoreboard_atmega8_i2c.elf elf32-avr)
LOAD linker stubs

Kreuzreferenz-Tabelle

Symbol                                            Datei
__bad_interrupt                                   /usr/lib/gcc/avr/4.9.2/../../../avr/lib/avr4/crtatmega88p.o
__bss_end                                         /usr/lib/gcc/avr/4.9.2/avr4/libgcc.a(_clear_bss.o)
__bss_start                                       /usr/lib/gcc/avr/4.9.2/avr4/libgcc.a(_clear_bss.o)
__data_end                                        /usr/lib/gcc/avr/4.9.2/avr4/libgcc.a(_copy_data.o)
__data_load_start                                 /usr/lib/gcc/avr/4.9.2/avr4/libgcc.a(_copy_data.o)
__data_start                                      /usr/lib/gcc/avr/4.9.2/avr4/libgcc.a(_copy_data.o)
__do_clear_bss                                    /usr/lib/gcc/avr/4.9.2/avr4/libgcc.a(_clear_bss.o)
                                                  ./src/pwm.o
                                                  ./src/interrupt.o
                                                  ./src/i2c.o
                                                  ./src/eeprom.o
__do_copy_data                                    /usr/lib/gcc/avr/4.9.2/avr4/libgcc.a(_copy_data.o)
                                                  ./src/i2c.o
                                                  ./src/anzeigeboard.o
__heap_end                                        /usr/lib/gcc/avr/4.9.2/../../../avr/lib/avr4/crtatmega88p.o
__init                                            /usr/lib/gcc/avr/4.9.2/../../../avr/lib/avr4/crtatmega88p.o
__stack                                           /usr/lib/gcc/avr/4.9.2/../../../avr/lib/avr4/crtatmega88p.o
__udivmodqi4                                      /usr/lib/gcc/avr/4.9.2/avr4/libgcc.a(_udivmodqi4.o)
                                                  ./src/anzeigeboard.o
__vector_1                                        /usr/lib/gcc/avr/4.9.2/../../../avr/lib/avr4/crtatmega88p.o
__vector_10                                       /usr/lib/gcc/avr/4.9.2/../../../avr/lib/avr4/crtatmega88p.o
__vector_11                                       /usr/lib/gcc/avr/4.9.2/../../../avr/lib/avr4/crtatmega88p.o
__vector_12                                       /usr/lib/gcc/avr/4.9.2/../../../avr/lib/avr4/crtatmega88p.o
__vector_13                                       /usr/lib/gcc/avr/4.9.2/../../../avr/lib/avr4/crtatmega88p.o
__vector_14                                       /usr/lib/gcc/avr/4.9.2/../../../avr/lib/avr4/crtatmega88p.o
__vector_15                                       /usr/lib/gcc/avr/4.9.2/../../../avr/lib/avr4/crtatmega88p.o
__vector_16                                       /usr/lib/gcc/avr/4.9.2/../../../avr/lib/avr4/crtatmega88p.o
__vector_17                                       /usr/lib/gcc/avr/4.9.2/../../../avr/lib/avr4/crtatmega88p.o
__vector_18                                       /usr/lib/gcc/avr/4.9.2/../../../avr/lib/avr4/crtatmega88p.o
__vector_19                                       /usr/lib/gcc/avr/4.9.2/../../../avr/lib/avr4/crtatmega88p.o
__vector_2                                        /usr/lib/gcc/avr/4.9.2/../../../avr/lib/avr4/crtatmega88p.o
__vector_20                                       /usr/lib/gcc/avr/4.9.2/../../../avr/lib/avr4/crtatmega88p.o
__vector_21                                       /usr/lib/gcc/avr/4.9.2/../../../avr/lib/avr4/crtatmega88p.o
__vector_22                                       /usr/lib/gcc/avr/4.9.2/../../../avr/lib/avr4/crtatmega88p.o
__vector_23                                       /usr/lib/gcc/avr/4.9.2/../../../avr/lib/avr4/crtatmega88p.o
__vector_24                                       ./src/interrupt.o
                                                  /usr/lib/gcc/avr/4.9.2/../../../avr/lib/avr4/crtatmega88p.o
__vector_25                                       /usr/lib/gcc/avr/4.9.2/../../../avr/lib/avr4/crtatmega88p.o
__vector_3                                        /usr/lib/gcc/avr/4.9.2/../../../avr/lib/avr4/crtatmega88p.o
__vector_4                                        /usr/lib/gcc/avr/4.9.2/../../../avr/lib/avr4/crtatmega88p.o
__vector_5                                        /usr/lib/gcc/avr/4.9.2/../../../avr/lib/avr4/crtatmega88p.o
__vector_6                                        /usr/lib/gcc/avr/4.9.2/../../../avr/lib/avr4/crtatmega88p.o
__vector_7                                        /usr/lib/gcc/avr/4.9.2/../../../avr/lib/avr4/crtatmega88p.o
__vector_8                                        /usr/lib/gcc/avr/4.9.2/../../../avr/lib/avr4/crtatmega88p.o
__vector_9                                        /usr/lib/gcc/avr/4.9.2/../../../avr/lib/avr4/crtatmega88p.o
__vector_default                                  /usr/lib/gcc/avr/4.9.2/../../../avr/lib/avr4/crtatmega88p.o
__vectors                                         /usr/lib/gcc/avr/4.9.2/../../../avr/lib/avr4/crtatmega88p.o
_exit                                             /usr/lib/gcc/avr/4.9.2/avr4/libgcc.a(_exit.o)
anzeige_clear_bits_0                              ./src/anzeigeboard.o
                                                  ./src/main.o
anzeige_clear_bits_1                              ./src/anzeigeboard.o
                                                  ./src/main.o
anzeige_convert                                   ./src/anzeigeboard.o
anzeige_einer                                     ./src/anzeigeboard.o
anzeige_init                                      ./src/anzeigeboard.o
                                                  ./src/main.o
anzeige_set_bits_0                                ./src/anzeigeboard.o
                                                  ./src/main.o
anzeige_set_bits_1                                ./src/anzeigeboard.o
                                                  ./src/main.o
anzeige_test                                      ./src/anzeigeboard.o
                                                  ./src/main.o
anzeige_write                                     ./src/anzeigeboard.o
                                                  ./src/main.o
anzeige_write_convert                             ./src/anzeigeboard.o
                                                  ./src/main.o
anzeige_write_convert_0                           ./src/anzeigeboard.o
                                                  ./src/main.o
anzeige_write_convert_1                           ./src/anzeigeboard.o
                                                  ./src/main.o
anzeige_write_direct                              ./src/anzeigeboard.o
anzeige_zehner                                    ./src/anzeigeboard.o
eeprom_read_block                                 /usr/lib/gcc/avr/4.9.2/../../../avr/lib/avr4/libatmega88p.a(eerd_block.o)
                                                  ./src/eeprom.o
eeprom_read_blraw                                 /usr/lib/gcc/avr/4.9.2/../../../avr/lib/avr4/libatmega88p.a(eerd_block.o)
                                                  /usr/lib/gcc/avr/4.9.2/../../../avr/lib/avr4/libatmega88p.a(eerd_word.o)
                                                  /usr/lib/gcc/avr/4.9.2/../../../avr/lib/avr4/libatmega88p.a(eerd_dword.o)
eeprom_read_byte                                  /usr/lib/gcc/avr/4.9.2/../../../avr/lib/avr4/libatmega88p.a(eerd_byte.o)
                                                  ./src/main.o
                                                  ./src/eeprom.o
eeprom_read_dword                                 /usr/lib/gcc/avr/4.9.2/../../../avr/lib/avr4/libatmega88p.a(eerd_dword.o)
                                                  ./src/eeprom.o
eeprom_read_float                                 /usr/lib/gcc/avr/4.9.2/../../../avr/lib/avr4/libatmega88p.a(eerd_dword.o)
                                                  ./src/eeprom.o
eeprom_read_word                                  /usr/lib/gcc/avr/4.9.2/../../../avr/lib/avr4/libatmega88p.a(eerd_word.o)
                                                  ./src/eeprom.o
eeprom_update_block                               /usr/lib/gcc/avr/4.9.2/../../../avr/lib/avr4/libatmega88p.a(eeupd_block.o)
                                                  ./src/eeprom.o
eeprom_update_byte                                /usr/lib/gcc/avr/4.9.2/../../../avr/lib/avr4/libatmega88p.a(eeupd_byte.o)
                                                  /usr/lib/gcc/avr/4.9.2/../../../avr/lib/avr4/libatmega88p.a(eeupd_word.o)
                                                  /usr/lib/gcc/avr/4.9.2/../../../avr/lib/avr4/libatmega88p.a(eeupd_dword.o)
                                                  ./src/eeprom.o
eeprom_update_dword                               /usr/lib/gcc/avr/4.9.2/../../../avr/lib/avr4/libatmega88p.a(eeupd_dword.o)
                                                  ./src/eeprom.o
eeprom_update_float                               /usr/lib/gcc/avr/4.9.2/../../../avr/lib/avr4/libatmega88p.a(eeupd_dword.o)
                                                  ./src/eeprom.o
eeprom_update_r18                                 /usr/lib/gcc/avr/4.9.2/../../../avr/lib/avr4/libatmega88p.a(eeupd_byte.o)
                                                  /usr/lib/gcc/avr/4.9.2/../../../avr/lib/avr4/libatmega88p.a(eeupd_word.o)
                                                  /usr/lib/gcc/avr/4.9.2/../../../avr/lib/avr4/libatmega88p.a(eeupd_dword.o)
                                                  /usr/lib/gcc/avr/4.9.2/../../../avr/lib/avr4/libatmega88p.a(eeupd_block.o)
eeprom_update_word                                /usr/lib/gcc/avr/4.9.2/../../../avr/lib/avr4/libatmega88p.a(eeupd_word.o)
                                                  ./src/eeprom.o
eeprom_write_block                                /usr/lib/gcc/avr/4.9.2/../../../avr/lib/avr4/libatmega88p.a(eewr_block.o)
                                                  ./src/eeprom.o
eeprom_write_byte                                 /usr/lib/gcc/avr/4.9.2/../../../avr/lib/avr4/libatmega88p.a(eewr_byte.o)
                                                  /usr/lib/gcc/avr/4.9.2/../../../avr/lib/avr4/libatmega88p.a(eewr_word.o)
                                                  ./src/eeprom.o
eeprom_write_dword                                /usr/lib/gcc/avr/4.9.2/../../../avr/lib/avr4/libatmega88p.a(eewr_dword.o)
                                                  ./src/eeprom.o
eeprom_write_float                                /usr/lib/gcc/avr/4.9.2/../../../avr/lib/avr4/libatmega88p.a(eewr_dword.o)
                                                  ./src/eeprom.o
eeprom_write_r18                                  /usr/lib/gcc/avr/4.9.2/../../../avr/lib/avr4/libatmega88p.a(eewr_byte.o)
                                                  /usr/lib/gcc/avr/4.9.2/../../../avr/lib/avr4/libatmega88p.a(eewr_word.o)
                                                  /usr/lib/gcc/avr/4.9.2/../../../avr/lib/avr4/libatmega88p.a(eewr_dword.o)
                                                  /usr/lib/gcc/avr/4.9.2/../../../avr/lib/avr4/libatmega88p.a(eewr_block.o)
eeprom_write_word                                 /usr/lib/gcc/avr/4.9.2/../../../avr/lib/avr4/libatmega88p.a(eewr_word.o)
                                                  /usr/lib/gcc/avr/4.9.2/../../../avr/lib/avr4/libatmega88p.a(eewr_dword.o)
                                                  ./src/eeprom.o
enabled                                           ./src/pwm.o
exit                                              /usr/lib/gcc/avr/4.9.2/avr4/libgcc.a(_exit.o)
                                                  /usr/lib/gcc/avr/4.9.2/../../../avr/lib/avr4/crtatmega88p.o
i2c_busy                                          ./src/i2c.o
i2c_get_data                                      ./src/i2c.o
                                                  ./src/main.o
i2c_get_status                                    ./src/i2c.o
i2c_get_status_register                           ./src/i2c.o
                                                  ./src/main.o
i2c_init                                          ./src/i2c.o
                                                  ./src/main.o
i2c_msg_size                                      ./src/i2c.o
                                                  ./src/interrupt.o
i2c_rx_buf                                        ./src/i2c.o
                                                  ./src/interrupt.o
i2c_slave_start_rx                                ./src/i2c.o
i2c_slave_start_tx_data                           ./src/i2c.o
                                                  ./src/main.o
i2c_status                                        ./src/i2c.o
                                                  ./src/interrupt.o
i2c_status_register                               ./src/i2c.o
                                                  ./src/interrupt.o
i2c_tx_buf                                        ./src/i2c.o
                                                  ./src/interrupt.o
i2c_wait_busy                                     ./src/i2c.o
                                                  ./src/main.o
irq_ctrl                                          ./src/eeprom.o
                                                  ./src/main.o
irqd_eeprom_read_block                            ./src/eeprom.o
irqd_eeprom_read_byte                             ./src/eeprom.o
                                                  ./src/main.o
irqd_eeprom_read_dword                            ./src/eeprom.o
irqd_eeprom_read_float                            ./src/eeprom.o
irqd_eeprom_read_word                             ./src/eeprom.o
irqd_eeprom_update_block                          ./src/eeprom.o
irqd_eeprom_update_byte                           ./src/eeprom.o
                                                  ./src/main.o
irqd_eeprom_update_dword                          ./src/eeprom.o
irqd_eeprom_update_float                          ./src/eeprom.o
irqd_eeprom_update_word                           ./src/eeprom.o
irqd_eeprom_write_block                           ./src/eeprom.o
irqd_eeprom_write_byte                            ./src/eeprom.o
irqd_eeprom_write_dword                           ./src/eeprom.o
irqd_eeprom_write_float                           ./src/eeprom.o
irqd_eeprom_write_word                            ./src/eeprom.o
main                                              ./src/main.o
                                                  /usr/lib/gcc/avr/4.9.2/../../../avr/lib/avr4/crtatmega88p.o
pwm_enable                                        ./src/pwm.o
                                                  ./src/main.o
pwm_init                                          ./src/pwm.o
                                                  ./src/main.o
pwm_set_output_disabled                           ./src/pwm.o
                                                  ./src/main.o
pwm_set_timing_16                                 ./src/pwm.o
pwm_set_timing_8                                  ./src/pwm.o
pwm_set_timing_b                                  ./src/pwm.o
                                                  ./src/main.o
pwm_set_timing_g                                  ./src/pwm.o
                                                  ./src/main.o
pwm_set_timing_r                                  ./src/pwm.o
                                                  ./src/main.o
